2026-09-05 08:27:21.828: [INFO] CurrentProfilePath: D:\Kỳ 1 - 20262027\Lập trình mạng\Đồ án\.metadata\.plugins\org.eclipse.swt\EBWebView\Default
2026-09-05 08:27:21.828: [INFO] Profiles total count: 1
2026-09-05 08:27:21.828: [INFO] Profile: name=Profile 1 path=D:\Kỳ 1 - 20262027\Lập trình mạng\Đồ án\.metadata\.plugins\org.eclipse.swt\EBWebView\Default lastActive=null
2026-09-05 08:27:21.828: [INFO] LastUsedProfileDir: D:\Kỳ 1 - 20262027\Lập trình mạng\Đồ án\.metadata\.plugins\org.eclipse.swt\EBWebView\Default
2026-09-05 08:27:21.828: [INFO] OnDoneLoading sync enabled: 0
2026-09-05 08:27:21.828: [INFO] BookmarkModelLoaded, ids_reassigned: 0
2026-09-05 08:27:21.828: [INFO] BookmarksLoadDropped droppedNodes=0
2026-09-05 08:27:21.828: [INFO] BookmarksSnapshot Startup total=0 bar=0 other=0 mobile=0 showBar=0 showBarNTP=1
2026-09-05 08:27:30.991: [INFO] BookmarksSnapshot Shutdown total=0 bar=0 other=0 mobile=0 showBar=0 showBarNTP=1
2026-09-05 08:27:39.560: [INFO] CurrentProfilePath: D:\Kỳ 1 - 20262027\Lập trình mạng\Đồ án\.metadata\.plugins\org.eclipse.swt\EBWebView\Default
2026-09-05 08:27:39.560: [INFO] Profiles total count: 1
2026-09-05 08:27:39.560: [INFO] Profile: name=Profile 1 path=D:\Kỳ 1 - 20262027\Lập trình mạng\Đồ án\.metadata\.plugins\org.eclipse.swt\EBWebView\Default lastActive=2026-09-05T08:27:23.203Z
2026-09-05 08:27:39.560: [INFO] LastUsedProfileDir: D:\Kỳ 1 - 20262027\Lập trình mạng\Đồ án\.metadata\.plugins\org.eclipse.swt\EBWebView\Default
2026-09-05 08:27:39.560: [INFO] MostRecentlyActiveProfile: name=Profile 1 path=D:\Kỳ 1 - 20262027\Lập trình mạng\Đồ án\.metadata\.plugins\org.eclipse.swt\EBWebView\Default lastActive=2026-09-05T08:27:23.203Z
2026-09-05 08:27:39.560: [INFO] OnDoneLoading sync enabled: 0
2026-09-05 08:27:39.560: [INFO] BookmarkModelLoaded, ids_reassigned: 0
2026-09-05 08:27:39.560: [INFO] BookmarksLoadDropped droppedNodes=0
2026-09-05 08:27:39.560: [INFO] BookmarksSnapshot Startup total=0 bar=0 other=0 mobile=0 showBar=0 showBarNTP=1
2026-09-05 08:28:25.590: [INFO] BookmarksSnapshot Shutdown total=0 bar=0 other=0 mobile=0 showBar=0 showBarNTP=1
2026-09-05 08:29:10.833: [INFO] CurrentProfilePath: D:\Kỳ 1 - 20262027\Lập trình mạng\Đồ án\.metadata\.plugins\org.eclipse.swt\EBWebView\Default
2026-09-05 08:29:10.833: [INFO] Profiles total count: 1
2026-09-05 08:29:10.833: [INFO] Profile: name=Profile 1 path=D:\Kỳ 1 - 20262027\Lập trình mạng\Đồ án\.metadata\.plugins\org.eclipse.swt\EBWebView\Default lastActive=2026-09-05T08:27:23.203Z
2026-09-05 08:29:10.833: [INFO] LastUsedProfileDir: D:\Kỳ 1 - 20262027\Lập trình mạng\Đồ án\.metadata\.plugins\org.eclipse.swt\EBWebView\Default
2026-09-05 08:29:10.833: [INFO] MostRecentlyActiveProfile: name=Profile 1 path=D:\Kỳ 1 - 20262027\Lập trình mạng\Đồ án\.metadata\.plugins\org.eclipse.swt\EBWebView\Default lastActive=2026-09-05T08:27:23.203Z
2026-09-05 08:29:10.833: [INFO] OnDoneLoading sync enabled: 0
2026-09-05 08:29:10.833: [INFO] BookmarkModelLoaded, ids_reassigned: 0
2026-09-05 08:29:10.833: [INFO] BookmarksLoadDropped droppedNodes=0
2026-09-05 08:29:10.833: [INFO] BookmarksSnapshot Startup total=0 bar=0 other=0 mobile=0 showBar=0 showBarNTP=1
2026-09-05 10:25:21.914: [INFO] BookmarksSnapshot Shutdown total=0 bar=0 other=0 mobile=0 showBar=0 showBarNTP=1
2026-09-06 01:07:39.677: [INFO] CurrentProfilePath: D:\Kỳ 1 - 20262027\Lập trình mạng\Đồ án\.metadata\.plugins\org.eclipse.swt\EBWebView\Default
2026-09-06 01:07:39.677: [INFO] Profiles total count: 1
2026-09-06 01:07:39.677: [INFO] Profile: name=Profile 1 path=D:\Kỳ 1 - 20262027\Lập trình mạng\Đồ án\.metadata\.plugins\org.eclipse.swt\EBWebView\Default lastActive=2026-09-05T08:27:23.203Z
2026-09-06 01:07:39.677: [INFO] LastUsedProfileDir: D:\Kỳ 1 - 20262027\Lập trình mạng\Đồ án\.metadata\.plugins\org.eclipse.swt\EBWebView\Default
2026-09-06 01:07:39.677: [INFO] MostRecentlyActiveProfile: name=Profile 1 path=D:\Kỳ 1 - 20262027\Lập trình mạng\Đồ án\.metadata\.plugins\org.eclipse.swt\EBWebView\Default lastActive=2026-09-05T08:27:23.203Z
2026-09-06 01:07:39.677: [INFO] OnDoneLoading sync enabled: 0
2026-09-06 01:07:39.677: [INFO] BookmarkModelLoaded, ids_reassigned: 0
2026-09-06 01:07:39.677: [INFO] BookmarksLoadDropped droppedNodes=0
2026-09-06 01:07:39.677: [INFO] BookmarksSnapshot Startup total=0 bar=0 other=0 mobile=0 showBar=0 showBarNTP=1
2026-09-06 01:23:56.238: [INFO] BookmarksSnapshot Shutdown total=0 bar=0 other=0 mobile=0 showBar=0 showBarNTP=1
